PASS  empty inbox shows guidance not nonsense rows
PASS  empty-inbox guide consumed no run
PASS  firm field XSS payload inert
PASS  status shows queue/fallback
PASS  native+js validation blocks bad email
PASS  first Tab focuses skip link
PASS  skip link jumps to main
PASS  FAQ accordion opens via Enter
PASS  FAQ accordion closes via Enter
PASS  demo Forward button activates via Enter
PASS  keyboard can tab beyond demo section
PASS  no-JS: hero visible
PASS  no-JS: machine rows all present
PASS  no-JS: ticker shows 0 (JS would fill)
PASS  og.png is 1200x630
PASS  og.png has rich content (>= 8 distinct colors)
PASS  icon-512 non-blank (>= 4 distinct colors)
PASS  assets/js/demo.js: no console.log
PASS  assets/js/demo.js: no TODO/FIXME
PASS  assets/js/app.js: no console.log
PASS  assets/js/app.js: no TODO/FIXME
PASS  styles.css brace balance
FAIL  styles.css no !important  -> undefined
FAIL  raw hex limited (tokens honored)  -> hex=18
FAIL  index: no inline <style> or <script>  -> undefined
PASS  index: aria-hidden demo visuals
FAIL  index has alt attributes  -> undefined
PASS  stamps animate then settle to visible final state
PASS  ticker animates to 261,000
page.goto: net::ERR_HTTP_RESPONSE_CODE_FAILURE at http://127.0.0.1:8147/privacy
Call log:
  - navigating to "http://127.0.0.1:8147/privacy", waiting until "networkidle"

    at /Users/stefan/.openclaw-autoclaw/workspace/.openclaw/tmp/pw/qa-ledgerhound-2.js:205:15 {
  log: [
    '  - navigating to "http://127.0.0.1:8147/privacy", waiting until "networkidle"'
  ],
  name: 'Error'
}
