PASS  empty inbox shows guidance not nonsense rows
PASS  empty-inbox guide consumed no run
PASS  firm field XSS payload inert
PASS  status shows queue/fallback
PASS  native+js validation blocks bad email
PASS  first Tab focuses skip link
FAIL  skip link jumps to main  -> undefined
PASS  FAQ accordion opens via Enter
PASS  FAQ accordion closes via Enter
PASS  demo Forward button activates via Enter
PASS  keyboard can tab beyond demo section
PASS  no-JS: hero visible
PASS  no-JS: machine rows all present
PASS  no-JS: ticker shows 0 (JS would fill)
page.evaluate: ReferenceError: Buffer is not defined
    at eval (eval at evaluate (:311:30), <anonymous>:3:44)
    at UtilityScript.evaluate (<anonymous>:313:16)
    at UtilityScript.<anonymous> (<anonymous>:1:44)
    at /Users/stefan/.openclaw-autoclaw/workspace/.openclaw/tmp/pw/qa-ledgerhound-2.js:124:27 {
  log: []
}
